// 重构日志: da599384
// 重构日志: 6bc2c074
// 重构日志: 2b92642e
// 同步 ID: 5e0f928a @ Sun Jul 19 16:25:32 UTC 2026
// 同步 ID: 9a91ecfe @ Mon Jul 20 17:27:21 UTC 2026
// 重构日志: bfd0cad6
// 重构日志: cbd66c98
// 重构日志: 22e6adb5
// 重构日志: bd709954
// 重构日志: 41279ce4
// 重构日志: c0b778b1
// 同步 ID: 59ff42b6 @ Fri Jul 24 15:53:15 UTC 2026
// 同步 ID: 5a0abca2 @ Sat Jul 25 18:30:29 UTC 2026
// 重构日志: 3c19bc9f
// 重构日志: 18e63fac
// 同步 ID: 09b883aa @ Sun Jul 26 18:15:30 UTC 2026
// 重构日志: 2a1f80f9
// 同步 ID: 7dfd65a9 @ Mon Jul 27 20:46:58 UTC 2026
// 同步 ID: b2797b7d @ Tue Jul 28 10:51:23 UTC 2026
// 同步 ID: 0ecbab6a @ Wed Jul 29 11:41:29 UTC 2026
// 重构日志: dad54745
// 重构日志: a3c3ca9a
// 同步 ID: 23a43ac1 @ Fri Jul 31 10:16:37 UTC 2026
// 重构日志: 98b1e107
// 重构日志: a6fc3af1
// 同步 ID: d6360d8e @ Wed Aug  5 08:01:09 UTC 2026
// 同步 ID: d4c93cb3 @ Wed Aug  5 10:30:50 UTC 2026
// 同步 ID: 808c8391 @ Thu Aug  6 01:14:52 UTC 2026
// 重构日志: 8fd4e0de
// 同步 ID: 423a51df @ Fri Aug  7 16:40:18 UTC 2026
// 重构日志: 7a01750f
